Archive member included because of file (symbol)

C:/Users/Ana Mariel/Desktop/CW MCU v10.4/MCU/ARM_GCC_Support/ewl/lib/armv6-m\libc.a(exit.o)
                              ./Project_Settings/Startup_Code/__arm_start.o (exit)
C:/Users/Ana Mariel/Desktop/CW MCU v10.4/MCU/ARM_GCC_Support/ewl/lib/armv6-m\libc.a(memset.o)
                              ./Project_Settings/Startup_Code/__arm_start.o (memset)
C:/Users/Ana Mariel/Desktop/CW MCU v10.4/MCU/ARM_GCC_Support/ewl/lib/armv6-m\libc.a(printformat_.o)
                              (__pformatter_)
C:/Users/Ana Mariel/Desktop/CW MCU v10.4/MCU/ARM_GCC_Support/ewl/lib/armv6-m\libc.a(scanformat_.o)
                              (__sformatter)
C:/Users/Ana Mariel/Desktop/CW MCU v10.4/MCU/ARM_GCC_Support/ewl/lib/armv6-m\libc.a(ctype_aeabi.o)
                              C:/Users/Ana Mariel/Desktop/CW MCU v10.4/MCU/ARM_GCC_Support/ewl/lib/armv6-m\libc.a(scanformat_.o) (isspace)
C:/Users/Ana Mariel/Desktop/CW MCU v10.4/MCU/ARM_GCC_Support/ewl/lib/armv6-m\libc.a(__strtoul.o)
                              C:/Users/Ana Mariel/Desktop/CW MCU v10.4/MCU/ARM_GCC_Support/ewl/lib/armv6-m\libc.a(scanformat_.o) (__strtoul)
C:/Users/Ana Mariel/Desktop/CW MCU v10.4/MCU/ARM_GCC_Support/ewl/lib/armv6-m\libc.a(__filll_mem.o)
                              C:/Users/Ana Mariel/Desktop/CW MCU v10.4/MCU/ARM_GCC_Support/ewl/lib/armv6-m\libc.a(memset.o) (__fill_mem)
C:/Users/Ana Mariel/Desktop/CW MCU v10.4/MCU/ARM_GCC_Support/ewl/lib/armv6-m\libc.a(memchr.o)
                              C:/Users/Ana Mariel/Desktop/CW MCU v10.4/MCU/ARM_GCC_Support/ewl/lib/armv6-m\libc.a(printformat_.o) (memchr)
C:/Users/Ana Mariel/Desktop/CW MCU v10.4/MCU/ARM_GCC_Support/ewl/lib/armv6-m\libc.a(memcpy.o)
                              C:/Users/Ana Mariel/Desktop/CW MCU v10.4/MCU/ARM_GCC_Support/ewl/lib/armv6-m\libc.a(scanformat_.o) (memcpy)
C:/Users/Ana Mariel/Desktop/CW MCU v10.4/MCU/ARM_GCC_Support/ewl/lib/armv6-m\libc.a(strchr.o)
                              C:/Users/Ana Mariel/Desktop/CW MCU v10.4/MCU/ARM_GCC_Support/ewl/lib/armv6-m\libc.a(printformat_.o) (strchr)
C:/Users/Ana Mariel/Desktop/CW MCU v10.4/MCU/ARM_GCC_Support/ewl/lib/armv6-m\libc.a(strlen.o)
                              C:/Users/Ana Mariel/Desktop/CW MCU v10.4/MCU/ARM_GCC_Support/ewl/lib/armv6-m\libc.a(printformat_.o) (strlen)
c:/users/ana mariel/desktop/cw mcu v10.4/cross_tools/arm-none-eabi-gcc-4_7_3/bin/../lib/gcc/arm-none-eabi/4.7.3/armv6-m\libgcc.a(_thumb1_case_sqi.o)
                              C:/Users/Ana Mariel/Desktop/CW MCU v10.4/MCU/ARM_GCC_Support/ewl/lib/armv6-m\libc.a(__strtoul.o) (__gnu_thumb1_case_sqi)
c:/users/ana mariel/desktop/cw mcu v10.4/cross_tools/arm-none-eabi-gcc-4_7_3/bin/../lib/gcc/arm-none-eabi/4.7.3/armv6-m\libgcc.a(_thumb1_case_uqi.o)
                              C:/Users/Ana Mariel/Desktop/CW MCU v10.4/MCU/ARM_GCC_Support/ewl/lib/armv6-m\libc.a(scanformat_.o) (__gnu_thumb1_case_uqi)
c:/users/ana mariel/desktop/cw mcu v10.4/cross_tools/arm-none-eabi-gcc-4_7_3/bin/../lib/gcc/arm-none-eabi/4.7.3/armv6-m\libgcc.a(_udivsi3.o)
                              C:/Users/Ana Mariel/Desktop/CW MCU v10.4/MCU/ARM_GCC_Support/ewl/lib/armv6-m\libc.a(printformat_.o) (__aeabi_uidiv)
c:/users/ana mariel/desktop/cw mcu v10.4/cross_tools/arm-none-eabi-gcc-4_7_3/bin/../lib/gcc/arm-none-eabi/4.7.3/armv6-m\libgcc.a(_dvmd_tls.o)
                              c:/users/ana mariel/desktop/cw mcu v10.4/cross_tools/arm-none-eabi-gcc-4_7_3/bin/../lib/gcc/arm-none-eabi/4.7.3/armv6-m\libgcc.a(_udivsi3.o) (__aeabi_idiv0)
C:/Users/Ana Mariel/Desktop/CW MCU v10.4/MCU/ARM_GCC_Support/ewl/lib/armv6-m\librt.a(gcc_ctor_dtor.o)
                              ./Project_Settings/Startup_Code/__arm_start.o (__init_cpp)
C:/Users/Ana Mariel/Desktop/CW MCU v10.4/MCU/ARM_GCC_Support/ewl/lib/armv6-m\librt.a(ROMCopy.o)
                              ./Project_Settings/Startup_Code/__arm_start.o (__copy_rom_sections_to_ram)
C:/Users/Ana Mariel/Desktop/CW MCU v10.4/MCU/ARM_GCC_Support/ewl/lib/armv6-m\librt.a(__arm_eabi_init.o)
                              C:/Users/Ana Mariel/Desktop/CW MCU v10.4/MCU/ARM_GCC_Support/ewl/lib/armv6-m\libc.a(exit.o) (__destroy_global_chain)

Discarded input sections

 .text          0x00000000        0x0 ./Project_Settings/Startup_Code/kinetis_sysinit.o
 .data          0x00000000        0x0 ./Project_Settings/Startup_Code/kinetis_sysinit.o
 .bss           0x00000000        0x0 ./Project_Settings/Startup_Code/kinetis_sysinit.o
 .text          0x00000000        0x0 ./Project_Settings/Startup_Code/__arm_start.o
 .data          0x00000000        0x0 ./Project_Settings/Startup_Code/__arm_start.o
 .bss           0x00000000        0x0 ./Project_Settings/Startup_Code/__arm_start.o
 .text.__iar_program_start
                0x00000000        0x4 ./Project_Settings/Startup_Code/__arm_start.o
 .text          0x00000000        0x0 ./Project_Settings/Startup_Code/__arm_end.o
 .data          0x00000000        0x0 ./Project_Settings/Startup_Code/__arm_end.o
 .bss           0x00000000        0x0 ./Project_Settings/Startup_Code/__arm_end.o
 .text          0x00000000        0x0 ./Sources/sa_mtb.o
 .data          0x00000000        0x0 ./Sources/sa_mtb.o
 .bss           0x00000000        0x0 ./Sources/sa_mtb.o
 .debug_info    0x00000000       0x21 ./Sources/sa_mtb.o
 .debug_abbrev  0x00000000       0x12 ./Sources/sa_mtb.o
 .debug_aranges
                0x00000000       0x18 ./Sources/sa_mtb.o
 .debug_macinfo
                0x00000000     0x24d8 ./Sources/sa_mtb.o
 .debug_line    0x00000000       0xb9 ./Sources/sa_mtb.o
 .debug_str     0x00000000       0x82 ./Sources/sa_mtb.o
 .comment       0x00000000       0x7a ./Sources/sa_mtb.o
 .ARM.attributes
                0x00000000       0x31 ./Sources/sa_mtb.o
 .text          0x00000000        0x0 ./Sources/main.o
 .data          0x00000000        0x0 ./Sources/main.o
 .bss           0x00000000        0x0 ./Sources/main.o
 .text          0x00000000        0x0 C:/Users/Ana Mariel/Desktop/CW MCU v10.4/MCU/ARM_GCC_Support/ewl/lib/armv6-m\libc.a(exit.o)
 .data          0x00000000        0x0 C:/Users/Ana Mariel/Desktop/CW MCU v10.4/MCU/ARM_GCC_Support/ewl/lib/armv6-m\libc.a(exit.o)
 .bss           0x00000000        0x0 C:/Users/Ana Mariel/Desktop/CW MCU v10.4/MCU/ARM_GCC_Support/ewl/lib/armv6-m\libc.a(exit.o)
 .text          0x00000000        0x0 C:/Users/Ana Mariel/Desktop/CW MCU v10.4/MCU/ARM_GCC_Support/ewl/lib/armv6-m\libc.a(memset.o)
 .data          0x00000000        0x0 C:/Users/Ana Mariel/Desktop/CW MCU v10.4/MCU/ARM_GCC_Support/ewl/lib/armv6-m\libc.a(memset.o)
 .bss           0x00000000        0x0 C:/Users/Ana Mariel/Desktop/CW MCU v10.4/MCU/ARM_GCC_Support/ewl/lib/armv6-m\libc.a(memset.o)
 .text          0x00000000        0x0 C:/Users/Ana Mariel/Desktop/CW MCU v10.4/MCU/ARM_GCC_Support/ewl/lib/armv6-m\libc.a(printformat_.o)
 .data          0x00000000        0x0 C:/Users/Ana Mariel/Desktop/CW MCU v10.4/MCU/ARM_GCC_Support/ewl/lib/armv6-m\libc.a(printformat_.o)
 .bss           0x00000000        0x0 C:/Users/Ana Mariel/Desktop/CW MCU v10.4/MCU/ARM_GCC_Support/ewl/lib/armv6-m\libc.a(printformat_.o)
 .text          0x00000000        0x0 C:/Users/Ana Mariel/Desktop/CW MCU v10.4/MCU/ARM_GCC_Support/ewl/lib/armv6-m\libc.a(scanformat_.o)
 .data          0x00000000        0x0 C:/Users/Ana Mariel/Desktop/CW MCU v10.4/MCU/ARM_GCC_Support/ewl/lib/armv6-m\libc.a(scanformat_.o)
 .bss           0x00000000        0x0 C:/Users/Ana Mariel/Desktop/CW MCU v10.4/MCU/ARM_GCC_Support/ewl/lib/armv6-m\libc.a(scanformat_.o)
 .text          0x00000000        0x0 C:/Users/Ana Mariel/Desktop/CW MCU v10.4/MCU/ARM_GCC_Support/ewl/lib/armv6-m\libc.a(ctype_aeabi.o)
 .data          0x00000000        0x0 C:/Users/Ana Mariel/Desktop/CW MCU v10.4/MCU/ARM_GCC_Support/ewl/lib/armv6-m\libc.a(ctype_aeabi.o)
 .bss           0x00000000        0x0 C:/Users/Ana Mariel/Desktop/CW MCU v10.4/MCU/ARM_GCC_Support/ewl/lib/armv6-m\libc.a(ctype_aeabi.o)
 .text.isalnum  0x00000000       0x1c C:/Users/Ana Mariel/Desktop/CW MCU v10.4/MCU/ARM_GCC_Support/ewl/lib/armv6-m\libc.a(ctype_aeabi.o)
 .text.iscntrl  0x00000000       0x20 C:/Users/Ana Mariel/Desktop/CW MCU v10.4/MCU/ARM_GCC_Support/ewl/lib/armv6-m\libc.a(ctype_aeabi.o)
 .text.isdigit  0x00000000        0xe C:/Users/Ana Mariel/Desktop/CW MCU v10.4/MCU/ARM_GCC_Support/ewl/lib/armv6-m\libc.a(ctype_aeabi.o)
 .text.isgraph  0x00000000       0x1c C:/Users/Ana Mariel/Desktop/CW MCU v10.4/MCU/ARM_GCC_Support/ewl/lib/armv6-m\libc.a(ctype_aeabi.o)
 .text.islower  0x00000000       0x20 C:/Users/Ana Mariel/Desktop/CW MCU v10.4/MCU/ARM_GCC_Support/ewl/lib/armv6-m\libc.a(ctype_aeabi.o)
 .text.isprint  0x00000000       0x1c C:/Users/Ana Mariel/Desktop/CW MCU v10.4/MCU/ARM_GCC_Support/ewl/lib/armv6-m\libc.a(ctype_aeabi.o)
 .text.ispunct  0x00000000       0x20 C:/Users/Ana Mariel/Desktop/CW MCU v10.4/MCU/ARM_GCC_Support/ewl/lib/armv6-m\libc.a(ctype_aeabi.o)
 .text.isupper  0x00000000       0x20 C:/Users/Ana Mariel/Desktop/CW MCU v10.4/MCU/ARM_GCC_Support/ewl/lib/armv6-m\libc.a(ctype_aeabi.o)
 .text.isxdigit
                0x00000000       0x20 C:/Users/Ana Mariel/Desktop/CW MCU v10.4/MCU/ARM_GCC_Support/ewl/lib/armv6-m\libc.a(ctype_aeabi.o)
 .text.isblank  0x00000000       0x28 C:/Users/Ana Mariel/Desktop/CW MCU v10.4/MCU/ARM_GCC_Support/ewl/lib/armv6-m\libc.a(ctype_aeabi.o)
 .text.tolower  0x00000000        0xe C:/Users/Ana Mariel/Desktop/CW MCU v10.4/MCU/ARM_GCC_Support/ewl/lib/armv6-m\libc.a(ctype_aeabi.o)
 .text          0x00000000        0x0 C:/Users/Ana Mariel/Desktop/CW MCU v10.4/MCU/ARM_GCC_Support/ewl/lib/armv6-m\libc.a(__strtoul.o)
 .data          0x00000000        0x0 C:/Users/Ana Mariel/Desktop/CW MCU v10.4/MCU/ARM_GCC_Support/ewl/lib/armv6-m\libc.a(__strtoul.o)
 .bss           0x00000000        0x0 C:/Users/Ana Mariel/Desktop/CW MCU v10.4/MCU/ARM_GCC_Support/ewl/lib/armv6-m\libc.a(__strtoul.o)
 .text          0x00000000        0x0 C:/Users/Ana Mariel/Desktop/CW MCU v10.4/MCU/ARM_GCC_Support/ewl/lib/armv6-m\libc.a(__filll_mem.o)
 .data          0x00000000        0x0 C:/Users/Ana Mariel/Desktop/CW MCU v10.4/MCU/ARM_GCC_Support/ewl/lib/armv6-m\libc.a(__filll_mem.o)
 .bss           0x00000000        0x0 C:/Users/Ana Mariel/Desktop/CW MCU v10.4/MCU/ARM_GCC_Support/ewl/lib/armv6-m\libc.a(__filll_mem.o)
 .text          0x00000000        0x0 C:/Users/Ana Mariel/Desktop/CW MCU v10.4/MCU/ARM_GCC_Support/ewl/lib/armv6-m\libc.a(memchr.o)
 .data          0x00000000        0x0 C:/Users/Ana Mariel/Desktop/CW MCU v10.4/MCU/ARM_GCC_Support/ewl/lib/armv6-m\libc.a(memchr.o)
 .bss           0x00000000        0x0 C:/Users/Ana Mariel/Desktop/CW MCU v10.4/MCU/ARM_GCC_Support/ewl/lib/armv6-m\libc.a(memchr.o)
 .text          0x00000000        0x0 C:/Users/Ana Mariel/Desktop/CW MCU v10.4/MCU/ARM_GCC_Support/ewl/lib/armv6-m\libc.a(memcpy.o)
 .data          0x00000000        0x0 C:/Users/Ana Mariel/Desktop/CW MCU v10.4/MCU/ARM_GCC_Support/ewl/lib/armv6-m\libc.a(memcpy.o)
 .bss           0x00000000        0x0 C:/Users/Ana Mariel/Desktop/CW MCU v10.4/MCU/ARM_GCC_Support/ewl/lib/armv6-m\libc.a(memcpy.o)
 .text          0x00000000        0x0 C:/Users/Ana Mariel/Desktop/CW MCU v10.4/MCU/ARM_GCC_Support/ewl/lib/armv6-m\libc.a(strchr.o)
 .data          0x00000000        0x0 C:/Users/Ana Mariel/Desktop/CW MCU v10.4/MCU/ARM_GCC_Support/ewl/lib/armv6-m\libc.a(strchr.o)
 .bss           0x00000000        0x0 C:/Users/Ana Mariel/Desktop/CW MCU v10.4/MCU/ARM_GCC_Support/ewl/lib/armv6-m\libc.a(strchr.o)
 .text          0x00000000        0x0 C:/Users/Ana Mariel/Desktop/CW MCU v10.4/MCU/ARM_GCC_Support/ewl/lib/armv6-m\libc.a(strlen.o)
 .data          0x00000000        0x0 C:/Users/Ana Mariel/Desktop/CW MCU v10.4/MCU/ARM_GCC_Support/ewl/lib/armv6-m\libc.a(strlen.o)
 .bss           0x00000000        0x0 C:/Users/Ana Mariel/Desktop/CW MCU v10.4/MCU/ARM_GCC_Support/ewl/lib/armv6-m\libc.a(strlen.o)
 .data          0x00000000        0x0 c:/users/ana mariel/desktop/cw mcu v10.4/cross_tools/arm-none-eabi-gcc-4_7_3/bin/../lib/gcc/arm-none-eabi/4.7.3/armv6-m\libgcc.a(_thumb1_case_sqi.o)
 .bss           0x00000000        0x0 c:/users/ana mariel/desktop/cw mcu v10.4/cross_tools/arm-none-eabi-gcc-4_7_3/bin/../lib/gcc/arm-none-eabi/4.7.3/armv6-m\libgcc.a(_thumb1_case_sqi.o)
 .data          0x00000000        0x0 c:/users/ana mariel/desktop/cw mcu v10.4/cross_tools/arm-none-eabi-gcc-4_7_3/bin/../lib/gcc/arm-none-eabi/4.7.3/armv6-m\libgcc.a(_thumb1_case_uqi.o)
 .bss           0x00000000        0x0 c:/users/ana mariel/desktop/cw mcu v10.4/cross_tools/arm-none-eabi-gcc-4_7_3/bin/../lib/gcc/arm-none-eabi/4.7.3/armv6-m\libgcc.a(_thumb1_case_uqi.o)
 .data          0x00000000        0x0 c:/users/ana mariel/desktop/cw mcu v10.4/cross_tools/arm-none-eabi-gcc-4_7_3/bin/../lib/gcc/arm-none-eabi/4.7.3/armv6-m\libgcc.a(_udivsi3.o)
 .bss           0x00000000        0x0 c:/users/ana mariel/desktop/cw mcu v10.4/cross_tools/arm-none-eabi-gcc-4_7_3/bin/../lib/gcc/arm-none-eabi/4.7.3/armv6-m\libgcc.a(_udivsi3.o)
 .data          0x00000000        0x0 c:/users/ana mariel/desktop/cw mcu v10.4/cross_tools/arm-none-eabi-gcc-4_7_3/bin/../lib/gcc/arm-none-eabi/4.7.3/armv6-m\libgcc.a(_dvmd_tls.o)
 .bss           0x00000000        0x0 c:/users/ana mariel/desktop/cw mcu v10.4/cross_tools/arm-none-eabi-gcc-4_7_3/bin/../lib/gcc/arm-none-eabi/4.7.3/armv6-m\libgcc.a(_dvmd_tls.o)
 .text          0x00000000        0x0 C:/Users/Ana Mariel/Desktop/CW MCU v10.4/MCU/ARM_GCC_Support/ewl/lib/armv6-m\librt.a(gcc_ctor_dtor.o)
 .data          0x00000000        0x0 C:/Users/Ana Mariel/Desktop/CW MCU v10.4/MCU/ARM_GCC_Support/ewl/lib/armv6-m\librt.a(gcc_ctor_dtor.o)
 .bss           0x00000000        0x0 C:/Users/Ana Mariel/Desktop/CW MCU v10.4/MCU/ARM_GCC_Support/ewl/lib/armv6-m\librt.a(gcc_ctor_dtor.o)
 .bss.__dso_handle
                0x00000000        0x4 C:/Users/Ana Mariel/Desktop/CW MCU v10.4/MCU/ARM_GCC_Support/ewl/lib/armv6-m\librt.a(gcc_ctor_dtor.o)
 .text          0x00000000        0x0 C:/Users/Ana Mariel/Desktop/CW MCU v10.4/MCU/ARM_GCC_Support/ewl/lib/armv6-m\librt.a(ROMCopy.o)
 .data          0x00000000        0x0 C:/Users/Ana Mariel/Desktop/CW MCU v10.4/MCU/ARM_GCC_Support/ewl/lib/armv6-m\librt.a(ROMCopy.o)
 .bss           0x00000000        0x0 C:/Users/Ana Mariel/Desktop/CW MCU v10.4/MCU/ARM_GCC_Support/ewl/lib/armv6-m\librt.a(ROMCopy.o)
 .text.__flush_cache
                0x00000000        0x2 C:/Users/Ana Mariel/Desktop/CW MCU v10.4/MCU/ARM_GCC_Support/ewl/lib/armv6-m\librt.a(ROMCopy.o)
 .text          0x00000000        0x0 C:/Users/Ana Mariel/Desktop/CW MCU v10.4/MCU/ARM_GCC_Support/ewl/lib/armv6-m\librt.a(__arm_eabi_init.o)
 .data          0x00000000        0x0 C:/Users/Ana Mariel/Desktop/CW MCU v10.4/MCU/ARM_GCC_Support/ewl/lib/armv6-m\librt.a(__arm_eabi_init.o)
 .bss           0x00000000        0x0 C:/Users/Ana Mariel/Desktop/CW MCU v10.4/MCU/ARM_GCC_Support/ewl/lib/armv6-m\librt.a(__arm_eabi_init.o)
 .text.__register_global_object
                0x00000000       0x14 C:/Users/Ana Mariel/Desktop/CW MCU v10.4/MCU/ARM_GCC_Support/ewl/lib/armv6-m\librt.a(__arm_eabi_init.o)
 .text.__cxa_atexit
                0x00000000       0x38 C:/Users/Ana Mariel/Desktop/CW MCU v10.4/MCU/ARM_GCC_Support/ewl/lib/armv6-m\librt.a(__arm_eabi_init.o)
 .text.__aeabi_atexit
                0x00000000        0xe C:/Users/Ana Mariel/Desktop/CW MCU v10.4/MCU/ARM_GCC_Support/ewl/lib/armv6-m\librt.a(__arm_eabi_init.o)
 .text.__register_atexit
                0x00000000        0xc C:/Users/Ana Mariel/Desktop/CW MCU v10.4/MCU/ARM_GCC_Support/ewl/lib/armv6-m\librt.a(__arm_eabi_init.o)
 .text.__init_hardware
                0x00000000        0x4 C:/Users/Ana Mariel/Desktop/CW MCU v10.4/MCU/ARM_GCC_Support/ewl/lib/armv6-m\librt.a(__arm_eabi_init.o)
 .bss.atexit_curr_func
                0x00000000        0x4 C:/Users/Ana Mariel/Desktop/CW MCU v10.4/MCU/ARM_GCC_Support/ewl/lib/armv6-m\librt.a(__arm_eabi_init.o)
 .bss.atexit_funcs
                0x00000000      0x300 C:/Users/Ana Mariel/Desktop/CW MCU v10.4/MCU/ARM_GCC_Support/ewl/lib/armv6-m\librt.a(__arm_eabi_init.o)

Memory Configuration

Name             Origin             Length             Attributes
m_interrupts     0x00000000         0x000000c0         xr
m_cfmprotrom     0x00000400         0x00000010         xr
m_text           0x00000800         0x0001f800         xr
m_data           0x1ffff000         0x00004000         xrw
*default*        0x00000000         0xffffffff

Linker script and memory map

LOAD ./Project_Settings/Startup_Code/kinetis_sysinit.o
LOAD ./Project_Settings/Startup_Code/__arm_start.o
LOAD ./Project_Settings/Startup_Code/__arm_end.o
LOAD ./Sources/sa_mtb.o
LOAD ./Sources/main.o
                0x00000c68                __pformatter = __pformatter_
                [0x00001090]                __sformatter = __sformatter
START GROUP
LOAD C:/Users/Ana Mariel/Desktop/CW MCU v10.4/MCU/ARM_GCC_Support/ewl/lib/armv6-m\libc.a
LOAD C:/Users/Ana Mariel/Desktop/CW MCU v10.4/MCU/ARM_GCC_Support/ewl/lib/armv6-m\libm.a
LOAD c:/users/ana mariel/desktop/cw mcu v10.4/cross_tools/arm-none-eabi-gcc-4_7_3/bin/../lib/gcc/arm-none-eabi/4.7.3/armv6-m\libgcc.a
LOAD C:/Users/Ana Mariel/Desktop/CW MCU v10.4/MCU/ARM_GCC_Support/ewl/lib/armv6-m\librt.a
LOAD C:/Users/Ana Mariel/Desktop/CW MCU v10.4/MCU/ARM_GCC_Support/ewl/lib/armv6-m\libuart.a
END GROUP
                0x20003000                _estack = 0x20003000
                0x20003000                __SP_INIT = _estack
                0x00000400                __heap_size = 0x400
                0x00000400                __stack_size = 0x400

.interrupts     0x00000000       0xc0
                0x00000000                __vector_table = .
                0x00000000                . = ALIGN (0x4)
 *(.vectortable)
 .vectortable   0x00000000       0xc0 ./Project_Settings/Startup_Code/kinetis_sysinit.o
                0x00000000                InterruptVector
                0x000000c0                . = ALIGN (0x4)

.cfmprotect     0x00000400        0x0
                0x00000400                . = ALIGN (0x4)
 *(.cfmconfig)
                0x00000400                . = ALIGN (0x4)

.text           0x00000800     0x145c
                0x00000800                . = ALIGN (0x4)
 *(.text)
 .text          0x00000800       0x14 c:/users/ana mariel/desktop/cw mcu v10.4/cross_tools/arm-none-eabi-gcc-4_7_3/bin/../lib/gcc/arm-none-eabi/4.7.3/armv6-m\libgcc.a(_thumb1_case_sqi.o)
                0x00000800                __gnu_thumb1_case_sqi
 .text          0x00000814       0x14 c:/users/ana mariel/desktop/cw mcu v10.4/cross_tools/arm-none-eabi-gcc-4_7_3/bin/../lib/gcc/arm-none-eabi/4.7.3/armv6-m\libgcc.a(_thumb1_case_uqi.o)
                0x00000814                __gnu_thumb1_case_uqi
 .text          0x00000828       0x9c c:/users/ana mariel/desktop/cw mcu v10.4/cross_tools/arm-none-eabi-gcc-4_7_3/bin/../lib/gcc/arm-none-eabi/4.7.3/armv6-m\libgcc.a(_udivsi3.o)
                0x00000828                __aeabi_uidiv
                0x00000828                __udivsi3
                0x000008b0                __aeabi_uidivmod
 .text          0x000008c4        0x4 c:/users/ana mariel/desktop/cw mcu v10.4/cross_tools/arm-none-eabi-gcc-4_7_3/bin/../lib/gcc/arm-none-eabi/4.7.3/armv6-m\libgcc.a(_dvmd_tls.o)
                0x000008c4                __aeabi_idiv0
                0x000008c4                __aeabi_ldiv0
 *(.text*)
 .text.Default_Handler
                0x000008c8        0xc ./Project_Settings/Startup_Code/kinetis_sysinit.o
                0x000008c8                RTC_Alarm_IRQHandler
                0x000008c8                I2C0_IRQHandler
                0x000008c8                HardFault_Handler
                0x000008c8                SysTick_Handler
                0x000008c8                PendSV_Handler
                0x000008c8                NMI_Handler
                0x000008c8                I2C1_IRQHandler
                0x000008c8                UART1_IRQHandler
                0x000008c8                DMA2_IRQHandler
                0x000008c8                TSI0_IRQHandler
                0x000008c8                UART0_IRQHandler
                0x000008c8                ADC0_IRQHandler
                0x000008c8                SPI1_IRQHandler
                0x000008c8                PORTD_IRQHandler
                0x000008c8                LPTimer_IRQHandler
                0x000008c8                FTM1_IRQHandler
                0x000008c8                RTC_Seconds_IRQHandler
                0x000008c8                MCG_IRQHandler
                0x000008c8                UART2_IRQHandler
                0x000008c8                Default_Handler
                0x000008c8                LLW_IRQHandler
                0x000008c8                PIT_IRQHandler
                0x000008c8                SVC_Handler
                0x000008c8                USBOTG_IRQHandler
                0x000008c8                DMA3_IRQHandler
                0x000008c8                DMA0_IRQHandler
                0x000008c8                DAC0_IRQHandler
                0x000008c8                PMC_IRQHandler
                0x000008c8                SPI0_IRQHandler
                0x000008c8                FTM0_IRQHandler
                0x000008c8                PORTA_IRQHandler
                0x000008c8                MCM_IRQHandler
                0x000008c8                FTFL_IRQHandler
                0x000008c8                FTM2_IRQHandler
                0x000008c8                CMP0_IRQHandler
                0x000008c8                DMA1_IRQHandler
 .text.__init_hardware
                0x000008d4       0x2c ./Project_Settings/Startup_Code/kinetis_sysinit.o
                0x000008d4                __init_hardware
 .text.zero_fill_bss
                0x00000900       0x24 ./Project_Settings/Startup_Code/__arm_start.o
 .text.__thumb_startup
                0x00000924       0x30 ./Project_Settings/Startup_Code/__arm_start.o
                0x00000924                __thumb_startup
 .text._ExitProcess
                0x00000954        0xc ./Project_Settings/Startup_Code/__arm_end.o
                0x00000954                _ExitProcess
 .text.main     0x00000960       0x7c ./Sources/main.o
                0x00000960                main
 .text.cfgPorts
                0x000009dc       0x90 ./Sources/main.o
                0x000009dc                cfgPorts
 .text.Delay    0x00000a6c       0x1c ./Sources/main.o
                0x00000a6c                Delay
 .text.exit     0x00000a88       0x38 C:/Users/Ana Mariel/Desktop/CW MCU v10.4/MCU/ARM_GCC_Support/ewl/lib/armv6-m\libc.a(exit.o)
                0x00000a88                exit
 .text.memset   0x00000ac0        0xc C:/Users/Ana Mariel/Desktop/CW MCU v10.4/MCU/ARM_GCC_Support/ewl/lib/armv6-m\libc.a(memset.o)
                0x00000ac0                memset
 .text.long2str.isra.0
                0x00000acc      0x19c C:/Users/Ana Mariel/Desktop/CW MCU v10.4/MCU/ARM_GCC_Support/ewl/lib/armv6-m\libc.a(printformat_.o)
 .text.__pformatter_
                0x00000c68      0x428 C:/Users/Ana Mariel/Desktop/CW MCU v10.4/MCU/ARM_GCC_Support/ewl/lib/armv6-m\libc.a(printformat_.o)
                0x00000c68                __pformatter_
 .text.__sformatter
                0x00001090      0x698 C:/Users/Ana Mariel/Desktop/CW MCU v10.4/MCU/ARM_GCC_Support/ewl/lib/armv6-m\libc.a(scanformat_.o)
                0x00001090                __sformatter
 .text.isalpha  0x00001728       0x20 C:/Users/Ana Mariel/Desktop/CW MCU v10.4/MCU/ARM_GCC_Support/ewl/lib/armv6-m\libc.a(ctype_aeabi.o)
                0x00001728                isalpha
 .text.isspace  0x00001748       0x20 C:/Users/Ana Mariel/Desktop/CW MCU v10.4/MCU/ARM_GCC_Support/ewl/lib/armv6-m\libc.a(ctype_aeabi.o)
                0x00001748                isspace
 .text.toupper  0x00001768        0xe C:/Users/Ana Mariel/Desktop/CW MCU v10.4/MCU/ARM_GCC_Support/ewl/lib/armv6-m\libc.a(ctype_aeabi.o)
                0x00001768                toupper
 .text.__strtoul
                0x00001776      0x1ce C:/Users/Ana Mariel/Desktop/CW MCU v10.4/MCU/ARM_GCC_Support/ewl/lib/armv6-m\libc.a(__strtoul.o)
                0x00001776                __strtoul
 .text.__fill_mem
                0x00001944       0x7e C:/Users/Ana Mariel/Desktop/CW MCU v10.4/MCU/ARM_GCC_Support/ewl/lib/armv6-m\libc.a(__filll_mem.o)
                0x00001944                __fill_mem
 .text.memchr   0x000019c2       0x1a C:/Users/Ana Mariel/Desktop/CW MCU v10.4/MCU/ARM_GCC_Support/ewl/lib/armv6-m\libc.a(memchr.o)
                0x000019c2                memchr
 .text.memcpy   0x000019dc       0x12 C:/Users/Ana Mariel/Desktop/CW MCU v10.4/MCU/ARM_GCC_Support/ewl/lib/armv6-m\libc.a(memcpy.o)
                0x000019dc                memcpy
 .text.strchr   0x000019ee       0x1e C:/Users/Ana Mariel/Desktop/CW MCU v10.4/MCU/ARM_GCC_Support/ewl/lib/armv6-m\libc.a(strchr.o)
                0x000019ee                strchr
 .text.strlen   0x00001a0c       0x10 C:/Users/Ana Mariel/Desktop/CW MCU v10.4/MCU/ARM_GCC_Support/ewl/lib/armv6-m\libc.a(strlen.o)
                0x00001a0c                strlen
 .text.__init_cpp
                0x00001a1c       0x48 C:/Users/Ana Mariel/Desktop/CW MCU v10.4/MCU/ARM_GCC_Support/ewl/lib/armv6-m\librt.a(gcc_ctor_dtor.o)
                0x00001a1c                __init_cpp
 .text.__fini_cpp
                0x00001a64       0x34 C:/Users/Ana Mariel/Desktop/CW MCU v10.4/MCU/ARM_GCC_Support/ewl/lib/armv6-m\librt.a(gcc_ctor_dtor.o)
                0x00001a64                __fini_cpp
 .text.__copy_rom_section
                0x00001a98       0x48 C:/Users/Ana Mariel/Desktop/CW MCU v10.4/MCU/ARM_GCC_Support/ewl/lib/armv6-m\librt.a(ROMCopy.o)
                0x00001a98                __copy_rom_section
 .text.__copy_rom_sections_to_ram
                0x00001ae0       0x34 C:/Users/Ana Mariel/Desktop/CW MCU v10.4/MCU/ARM_GCC_Support/ewl/lib/armv6-m\librt.a(ROMCopy.o)
                0x00001ae0                __copy_rom_sections_to_ram
 .text.__destroy_global_chain
                0x00001b14       0x1c C:/Users/Ana Mariel/Desktop/CW MCU v10.4/MCU/ARM_GCC_Support/ewl/lib/armv6-m\librt.a(__arm_eabi_init.o)
                0x00001b14                __destroy_global_chain
 .text.__init_registers
                0x00001b30       0x1c C:/Users/Ana Mariel/Desktop/CW MCU v10.4/MCU/ARM_GCC_Support/ewl/lib/armv6-m\librt.a(__arm_eabi_init.o)
                0x00001b30                __init_registers
 .text.__init_user
                0x00001b4c        0x4 C:/Users/Ana Mariel/Desktop/CW MCU v10.4/MCU/ARM_GCC_Support/ewl/lib/armv6-m\librt.a(__arm_eabi_init.o)
                0x00001b4c                __init_user
 *(.rodata)
 *(.rodata*)
 .rodata.str1.1
                0x00001b50        0x1 C:/Users/Ana Mariel/Desktop/CW MCU v10.4/MCU/ARM_GCC_Support/ewl/lib/armv6-m\libc.a(printformat_.o)
 .rodata.CSWTCH.20
                0x00001b51        0x5 C:/Users/Ana Mariel/Desktop/CW MCU v10.4/MCU/ARM_GCC_Support/ewl/lib/armv6-m\libc.a(printformat_.o)
 .rodata.CSWTCH.21
                0x00001b56        0x5 C:/Users/Ana Mariel/Desktop/CW MCU v10.4/MCU/ARM_GCC_Support/ewl/lib/armv6-m\libc.a(printformat_.o)
 .rodata.__aeabi_ctype_table_C
                0x00001b5b      0x101 C:/Users/Ana Mariel/Desktop/CW MCU v10.4/MCU/ARM_GCC_Support/ewl/lib/armv6-m\libc.a(ctype_aeabi.o)
                0x00001b5b                __aeabi_ctype_table_C
 *(.glue_7)
 .glue_7        0x00000000        0x0 linker stubs
 *(.glue_7t)
 .glue_7t       0x00000000        0x0 linker stubs
 *(.eh_frame)
 *(.init)
 *(.fini)
                0x00001c5c                . = ALIGN (0x4)
                0x00001c5c                _etext = .

.vfp11_veneer   0x00001c5c        0x0
 .vfp11_veneer  0x00000000        0x0 linker stubs

.v4_bx          0x00001c5c        0x0
 .v4_bx         0x00000000        0x0 linker stubs

.iplt           0x00001c5c        0x0
 .iplt          0x00000000        0x0 ./Project_Settings/Startup_Code/kinetis_sysinit.o

.rel.dyn        0x00001c5c        0x0
 .rel.iplt      0x00000000        0x0 ./Project_Settings/Startup_Code/kinetis_sysinit.o

.ARM.extab
 *(.ARM.extab* .gnu.linkonce.armextab.*)

.ARM            0x00001c5c        0x0
                0x00001c5c                __exidx_start = .
 *(.ARM.exidx*)
                0x00001c5c                __exidx_end = .

.ctors          0x00001c5c        0x0
                0x00001c5c                __CTOR_LIST__ = .
 *crtbegin.o(.ctors)
 *(EXCLUDE_FILE(*crtend.o) .ctors)
 *(SORT(.ctors.*))
 *(.ctors)
                0x00001c5c                __CTOR_END__ = .

.dtors          0x00001c5c        0x0
                0x00001c5c                __DTOR_LIST__ = .
 *crtbegin.o(.dtors)
 *(EXCLUDE_FILE(*crtend.o) .dtors)
 *(SORT(.dtors.*))
 *(.dtors)
                0x00001c5c                __DTOR_END__ = .

.preinit_array  0x00001c5c        0x0
                0x00001c5c                PROVIDE (__preinit_array_start, .)
 *(.preinit_array*)
                0x00001c5c                PROVIDE (__preinit_array_end, .)

.init_array     0x00001c5c        0x0
                0x00001c5c                PROVIDE (__init_array_start, .)
 *(SORT(.init_array.*))
 *(.init_array*)
                0x00001c5c                PROVIDE (__init_array_end, .)

.fini_array     0x00001c5c        0x0
                0x00001c5c                PROVIDE (__fini_array_start, .)
 *(SORT(.fini_array.*))
 *(.fini_array*)
                0x00001c5c                PROVIDE (__fini_array_end, .)
                0x00001c5c                ___ROM_AT = .

.mtb            0x1ffff000        0x0
                0x1ffff000                . = ALIGN (0x8)
                0x1ffff000                _mtb_start = .
 *(.mtb_buf)
                0x1ffff000                . = ALIGN (0x8)
                0x1ffff000                _mtb_end = .

.data           0x1ffff000        0x0 load address 0x00001c5c
                0x1ffff000                . = ALIGN (0x4)
                0x1ffff000                _sdata = .
 *(.data)
 *(.data*)
                0x1ffff000                . = ALIGN (0x4)
                0x1ffff000                _edata = .
                0x00000000                ___data_size = (_edata - _sdata)

.igot.plt       0x1ffff000        0x0
 .igot.plt      0x00000000        0x0 ./Project_Settings/Startup_Code/kinetis_sysinit.o
                0x1ffff000                . = ALIGN (0x4)

.bss            0x1ffff000       0x1c
                0x1ffff000                __START_BSS = .
                0x1ffff000                PROVIDE (__bss_start__, __START_BSS)
 *(.bss)
 *(.bss*)
 .bss.argv      0x1ffff000        0x4 ./Project_Settings/Startup_Code/__arm_start.o
 .bss.__stdio_exit
                0x1ffff004        0x4 C:/Users/Ana Mariel/Desktop/CW MCU v10.4/MCU/ARM_GCC_Support/ewl/lib/armv6-m\libc.a(exit.o)
                0x1ffff004                __stdio_exit
 .bss.__console_exit
                0x1ffff008        0x4 C:/Users/Ana Mariel/Desktop/CW MCU v10.4/MCU/ARM_GCC_Support/ewl/lib/armv6-m\libc.a(exit.o)
                0x1ffff008                __console_exit
 .bss.__S_romp  0x1ffff00c        0xc C:/Users/Ana Mariel/Desktop/CW MCU v10.4/MCU/ARM_GCC_Support/ewl/lib/armv6-m\librt.a(ROMCopy.o)
 .bss.__global_destructor_chain
                0x1ffff018        0x4 C:/Users/Ana Mariel/Desktop/CW MCU v10.4/MCU/ARM_GCC_Support/ewl/lib/armv6-m\librt.a(__arm_eabi_init.o)
                0x1ffff018                __global_destructor_chain
 *(COMMON)
                0x1ffff01c                . = ALIGN (0x4)
                0x1ffff01c                __END_BSS = .
                0x1ffff01c                PROVIDE (__bss_end__, __END_BSS)
                0x00001c5c                _romp_at = (___ROM_AT + SIZEOF (.data))

.romp           0x1ffff01c       0x18 load address 0x00001c5c
                0x00001c5c                __S_romp = _romp_at
                0x1ffff01c        0x4 LONG 0x1c5c ___ROM_AT
                0x1ffff020        0x4 LONG 0x1ffff000 _sdata
                0x1ffff024        0x4 LONG 0x0 ___data_size
                0x1ffff028        0x4 LONG 0x0
                0x1ffff02c        0x4 LONG 0x0
                0x1ffff030        0x4 LONG 0x0

._user_heap_stack
                0x1ffff034      0x800 load address 0x00001c74
                0x1ffff034                . = ALIGN (0x4)
                0x1ffff034                PROVIDE (end, .)
                0x1ffff034                PROVIDE (_end, .)
                0x1ffff034                __heap_addr = .
                0x1ffff434                . = (. + __heap_size)
 *fill*         0x1ffff034      0x400 00
                0x1ffff834                . = (. + __stack_size)
 *fill*         0x1ffff434      0x400 00
                0x1ffff834                . = ALIGN (0x4)

.ARM.attributes
                0x00000000       0x31
 *(.ARM.attributes)
 .ARM.attributes
                0x00000000       0x31 ./Project_Settings/Startup_Code/kinetis_sysinit.o
 .ARM.attributes
                0x00000031       0x31 ./Project_Settings/Startup_Code/__arm_start.o
 .ARM.attributes
                0x00000062       0x31 ./Project_Settings/Startup_Code/__arm_end.o
 .ARM.attributes
                0x00000093       0x31 ./Sources/main.o
 .ARM.attributes
                0x000000c4       0x31 C:/Users/Ana Mariel/Desktop/CW MCU v10.4/MCU/ARM_GCC_Support/ewl/lib/armv6-m\libc.a(exit.o)
 .ARM.attributes
                0x000000f5       0x31 C:/Users/Ana Mariel/Desktop/CW MCU v10.4/MCU/ARM_GCC_Support/ewl/lib/armv6-m\libc.a(memset.o)
 .ARM.attributes
                0x00000126       0x31 C:/Users/Ana Mariel/Desktop/CW MCU v10.4/MCU/ARM_GCC_Support/ewl/lib/armv6-m\libc.a(printformat_.o)
 .ARM.attributes
                0x00000157       0x31 C:/Users/Ana Mariel/Desktop/CW MCU v10.4/MCU/ARM_GCC_Support/ewl/lib/armv6-m\libc.a(scanformat_.o)
 .ARM.attributes
                0x00000188       0x31 C:/Users/Ana Mariel/Desktop/CW MCU v10.4/MCU/ARM_GCC_Support/ewl/lib/armv6-m\libc.a(ctype_aeabi.o)
 .ARM.attributes
                0x000001b9       0x31 C:/Users/Ana Mariel/Desktop/CW MCU v10.4/MCU/ARM_GCC_Support/ewl/lib/armv6-m\libc.a(__strtoul.o)
 .ARM.attributes
                0x000001ea       0x31 C:/Users/Ana Mariel/Desktop/CW MCU v10.4/MCU/ARM_GCC_Support/ewl/lib/armv6-m\libc.a(__filll_mem.o)
 .ARM.attributes
                0x0000021b       0x31 C:/Users/Ana Mariel/Desktop/CW MCU v10.4/MCU/ARM_GCC_Support/ewl/lib/armv6-m\libc.a(memchr.o)
 .ARM.attributes
                0x0000024c       0x31 C:/Users/Ana Mariel/Desktop/CW MCU v10.4/MCU/ARM_GCC_Support/ewl/lib/armv6-m\libc.a(memcpy.o)
 .ARM.attributes
                0x0000027d       0x31 C:/Users/Ana Mariel/Desktop/CW MCU v10.4/MCU/ARM_GCC_Support/ewl/lib/armv6-m\libc.a(strchr.o)
 .ARM.attributes
                0x000002ae       0x31 C:/Users/Ana Mariel/Desktop/CW MCU v10.4/MCU/ARM_GCC_Support/ewl/lib/armv6-m\libc.a(strlen.o)
 .ARM.attributes
                0x000002df       0x1e c:/users/ana mariel/desktop/cw mcu v10.4/cross_tools/arm-none-eabi-gcc-4_7_3/bin/../lib/gcc/arm-none-eabi/4.7.3/armv6-m\libgcc.a(_thumb1_case_sqi.o)
 .ARM.attributes
                0x000002fd       0x1e c:/users/ana mariel/desktop/cw mcu v10.4/cross_tools/arm-none-eabi-gcc-4_7_3/bin/../lib/gcc/arm-none-eabi/4.7.3/armv6-m\libgcc.a(_thumb1_case_uqi.o)
 .ARM.attributes
                0x0000031b       0x1e c:/users/ana mariel/desktop/cw mcu v10.4/cross_tools/arm-none-eabi-gcc-4_7_3/bin/../lib/gcc/arm-none-eabi/4.7.3/armv6-m\libgcc.a(_udivsi3.o)
 .ARM.attributes
                0x00000339       0x1e c:/users/ana mariel/desktop/cw mcu v10.4/cross_tools/arm-none-eabi-gcc-4_7_3/bin/../lib/gcc/arm-none-eabi/4.7.3/armv6-m\libgcc.a(_dvmd_tls.o)
 .ARM.attributes
                0x00000357       0x31 C:/Users/Ana Mariel/Desktop/CW MCU v10.4/MCU/ARM_GCC_Support/ewl/lib/armv6-m\librt.a(gcc_ctor_dtor.o)
 .ARM.attributes
                0x00000388       0x31 C:/Users/Ana Mariel/Desktop/CW MCU v10.4/MCU/ARM_GCC_Support/ewl/lib/armv6-m\librt.a(ROMCopy.o)
 .ARM.attributes
                0x000003b9       0x31 C:/Users/Ana Mariel/Desktop/CW MCU v10.4/MCU/ARM_GCC_Support/ewl/lib/armv6-m\librt.a(__arm_eabi_init.o)
OUTPUT(Boton.elf elf32-littlearm)

.debug_info     0x00000000     0x25e3
 .debug_info    0x00000000      0x447 ./Project_Settings/Startup_Code/kinetis_sysinit.o
 .debug_info    0x00000447      0x12a ./Project_Settings/Startup_Code/__arm_start.o
 .debug_info    0x00000571       0x54 ./Project_Settings/Startup_Code/__arm_end.o
 .debug_info    0x000005c5      0x406 ./Sources/main.o
 .debug_info    0x000009cb       0xe8 C:/Users/Ana Mariel/Desktop/CW MCU v10.4/MCU/ARM_GCC_Support/ewl/lib/armv6-m\libc.a(exit.o)
 .debug_info    0x00000ab3       0xec C:/Users/Ana Mariel/Desktop/CW MCU v10.4/MCU/ARM_GCC_Support/ewl/lib/armv6-m\libc.a(memset.o)
 .debug_info    0x00000b9f      0x50d C:/Users/Ana Mariel/Desktop/CW MCU v10.4/MCU/ARM_GCC_Support/ewl/lib/armv6-m\libc.a(printformat_.o)
 .debug_info    0x000010ac      0x568 C:/Users/Ana Mariel/Desktop/CW MCU v10.4/MCU/ARM_GCC_Support/ewl/lib/armv6-m\libc.a(scanformat_.o)
 .debug_info    0x00001614      0x313 C:/Users/Ana Mariel/Desktop/CW MCU v10.4/MCU/ARM_GCC_Support/ewl/lib/armv6-m\libc.a(ctype_aeabi.o)
 .debug_info    0x00001927      0x1d6 C:/Users/Ana Mariel/Desktop/CW MCU v10.4/MCU/ARM_GCC_Support/ewl/lib/armv6-m\libc.a(__strtoul.o)
 .debug_info    0x00001afd      0x137 C:/Users/Ana Mariel/Desktop/CW MCU v10.4/MCU/ARM_GCC_Support/ewl/lib/armv6-m\libc.a(__filll_mem.o)
 .debug_info    0x00001c34      0x121 C:/Users/Ana Mariel/Desktop/CW MCU v10.4/MCU/ARM_GCC_Support/ewl/lib/armv6-m\libc.a(memchr.o)
 .debug_info    0x00001d55      0x10f C:/Users/Ana Mariel/Desktop/CW MCU v10.4/MCU/ARM_GCC_Support/ewl/lib/armv6-m\libc.a(memcpy.o)
 .debug_info    0x00001e64      0x10b C:/Users/Ana Mariel/Desktop/CW MCU v10.4/MCU/ARM_GCC_Support/ewl/lib/armv6-m\libc.a(strchr.o)
 .debug_info    0x00001f6f       0xea C:/Users/Ana Mariel/Desktop/CW MCU v10.4/MCU/ARM_GCC_Support/ewl/lib/armv6-m\libc.a(strlen.o)
 .debug_info    0x00002059      0x136 C:/Users/Ana Mariel/Desktop/CW MCU v10.4/MCU/ARM_GCC_Support/ewl/lib/armv6-m\librt.a(gcc_ctor_dtor.o)
 .debug_info    0x0000218f      0x19b C:/Users/Ana Mariel/Desktop/CW MCU v10.4/MCU/ARM_GCC_Support/ewl/lib/armv6-m\librt.a(ROMCopy.o)
 .debug_info    0x0000232a      0x2b9 C:/Users/Ana Mariel/Desktop/CW MCU v10.4/MCU/ARM_GCC_Support/ewl/lib/armv6-m\librt.a(__arm_eabi_init.o)

.debug_abbrev   0x00000000      0xeec
 .debug_abbrev  0x00000000       0xe7 ./Project_Settings/Startup_Code/kinetis_sysinit.o
 .debug_abbrev  0x000000e7       0x92 ./Project_Settings/Startup_Code/__arm_start.o
 .debug_abbrev  0x00000179       0x4c ./Project_Settings/Startup_Code/__arm_end.o
 .debug_abbrev  0x000001c5       0xf9 ./Sources/main.o
 .debug_abbrev  0x000002be       0x7a C:/Users/Ana Mariel/Desktop/CW MCU v10.4/MCU/ARM_GCC_Support/ewl/lib/armv6-m\libc.a(exit.o)
 .debug_abbrev  0x00000338       0x62 C:/Users/Ana Mariel/Desktop/CW MCU v10.4/MCU/ARM_GCC_Support/ewl/lib/armv6-m\libc.a(memset.o)
 .debug_abbrev  0x0000039a      0x200 C:/Users/Ana Mariel/Desktop/CW MCU v10.4/MCU/ARM_GCC_Support/ewl/lib/armv6-m\libc.a(printformat_.o)
 .debug_abbrev  0x0000059a      0x1f0 C:/Users/Ana Mariel/Desktop/CW MCU v10.4/MCU/ARM_GCC_Support/ewl/lib/armv6-m\libc.a(scanformat_.o)
 .debug_abbrev  0x0000078a       0x9e C:/Users/Ana Mariel/Desktop/CW MCU v10.4/MCU/ARM_GCC_Support/ewl/lib/armv6-m\libc.a(ctype_aeabi.o)
 .debug_abbrev  0x00000828       0xc2 C:/Users/Ana Mariel/Desktop/CW MCU v10.4/MCU/ARM_GCC_Support/ewl/lib/armv6-m\libc.a(__strtoul.o)
 .debug_abbrev  0x000008ea       0x78 C:/Users/Ana Mariel/Desktop/CW MCU v10.4/MCU/ARM_GCC_Support/ewl/lib/armv6-m\libc.a(__filll_mem.o)
 .debug_abbrev  0x00000962       0x95 C:/Users/Ana Mariel/Desktop/CW MCU v10.4/MCU/ARM_GCC_Support/ewl/lib/armv6-m\libc.a(memchr.o)
 .debug_abbrev  0x000009f7       0x95 C:/Users/Ana Mariel/Desktop/CW MCU v10.4/MCU/ARM_GCC_Support/ewl/lib/armv6-m\libc.a(memcpy.o)
 .debug_abbrev  0x00000a8c       0x7a C:/Users/Ana Mariel/Desktop/CW MCU v10.4/MCU/ARM_GCC_Support/ewl/lib/armv6-m\libc.a(strchr.o)
 .debug_abbrev  0x00000b06       0x7a C:/Users/Ana Mariel/Desktop/CW MCU v10.4/MCU/ARM_GCC_Support/ewl/lib/armv6-m\libc.a(strlen.o)
 .debug_abbrev  0x00000b80       0x99 C:/Users/Ana Mariel/Desktop/CW MCU v10.4/MCU/ARM_GCC_Support/ewl/lib/armv6-m\librt.a(gcc_ctor_dtor.o)
 .debug_abbrev  0x00000c19      0x120 C:/Users/Ana Mariel/Desktop/CW MCU v10.4/MCU/ARM_GCC_Support/ewl/lib/armv6-m\librt.a(ROMCopy.o)
 .debug_abbrev  0x00000d39      0x1b3 C:/Users/Ana Mariel/Desktop/CW MCU v10.4/MCU/ARM_GCC_Support/ewl/lib/armv6-m\librt.a(__arm_eabi_init.o)

.debug_loc      0x00000000     0x2837
 .debug_loc     0x00000000       0x58 ./Project_Settings/Startup_Code/kinetis_sysinit.o
 .debug_loc     0x00000058       0x2c ./Project_Settings/Startup_Code/__arm_start.o
 .debug_loc     0x00000084       0x38 ./Project_Settings/Startup_Code/__arm_end.o
 .debug_loc     0x000000bc       0x90 ./Sources/main.o
 .debug_loc     0x0000014c       0x3e C:/Users/Ana Mariel/Desktop/CW MCU v10.4/MCU/ARM_GCC_Support/ewl/lib/armv6-m\libc.a(exit.o)
 .debug_loc     0x0000018a       0x6f C:/Users/Ana Mariel/Desktop/CW MCU v10.4/MCU/ARM_GCC_Support/ewl/lib/armv6-m\libc.a(memset.o)
 .debug_loc     0x000001f9     0x104b C:/Users/Ana Mariel/Desktop/CW MCU v10.4/MCU/ARM_GCC_Support/ewl/lib/armv6-m\libc.a(printformat_.o)
 .debug_loc     0x00001244      0x9d8 C:/Users/Ana Mariel/Desktop/CW MCU v10.4/MCU/ARM_GCC_Support/ewl/lib/armv6-m\libc.a(scanformat_.o)
 .debug_loc     0x00001c1c      0x30d C:/Users/Ana Mariel/Desktop/CW MCU v10.4/MCU/ARM_GCC_Support/ewl/lib/armv6-m\libc.a(ctype_aeabi.o)
 .debug_loc     0x00001f29      0x305 C:/Users/Ana Mariel/Desktop/CW MCU v10.4/MCU/ARM_GCC_Support/ewl/lib/armv6-m\libc.a(__strtoul.o)
 .debug_loc     0x0000222e      0x14a C:/Users/Ana Mariel/Desktop/CW MCU v10.4/MCU/ARM_GCC_Support/ewl/lib/armv6-m\libc.a(__filll_mem.o)
 .debug_loc     0x00002378       0x77 C:/Users/Ana Mariel/Desktop/CW MCU v10.4/MCU/ARM_GCC_Support/ewl/lib/armv6-m\libc.a(memchr.o)
 .debug_loc     0x000023ef       0x59 C:/Users/Ana Mariel/Desktop/CW MCU v10.4/MCU/ARM_GCC_Support/ewl/lib/armv6-m\libc.a(memcpy.o)
 .debug_loc     0x00002448       0xaf C:/Users/Ana Mariel/Desktop/CW MCU v10.4/MCU/ARM_GCC_Support/ewl/lib/armv6-m\libc.a(strchr.o)
 .debug_loc     0x000024f7       0x33 C:/Users/Ana Mariel/Desktop/CW MCU v10.4/MCU/ARM_GCC_Support/ewl/lib/armv6-m\libc.a(strlen.o)
 .debug_loc     0x0000252a       0x9d C:/Users/Ana Mariel/Desktop/CW MCU v10.4/MCU/ARM_GCC_Support/ewl/lib/armv6-m\librt.a(gcc_ctor_dtor.o)
 .debug_loc     0x000025c7       0xd9 C:/Users/Ana Mariel/Desktop/CW MCU v10.4/MCU/ARM_GCC_Support/ewl/lib/armv6-m\librt.a(ROMCopy.o)
 .debug_loc     0x000026a0      0x197 C:/Users/Ana Mariel/Desktop/CW MCU v10.4/MCU/ARM_GCC_Support/ewl/lib/armv6-m\librt.a(__arm_eabi_init.o)

.debug_aranges  0x00000000      0x328
 .debug_aranges
                0x00000000       0x28 ./Project_Settings/Startup_Code/kinetis_sysinit.o
 .debug_aranges
                0x00000028       0x30 ./Project_Settings/Startup_Code/__arm_start.o
 .debug_aranges
                0x00000058       0x20 ./Project_Settings/Startup_Code/__arm_end.o
 .debug_aranges
                0x00000078       0x30 ./Sources/main.o
 .debug_aranges
                0x000000a8       0x20 C:/Users/Ana Mariel/Desktop/CW MCU v10.4/MCU/ARM_GCC_Support/ewl/lib/armv6-m\libc.a(exit.o)
 .debug_aranges
                0x000000c8       0x20 C:/Users/Ana Mariel/Desktop/CW MCU v10.4/MCU/ARM_GCC_Support/ewl/lib/armv6-m\libc.a(memset.o)
 .debug_aranges
                0x000000e8       0x28 C:/Users/Ana Mariel/Desktop/CW MCU v10.4/MCU/ARM_GCC_Support/ewl/lib/armv6-m\libc.a(printformat_.o)
 .debug_aranges
                0x00000110       0x20 C:/Users/Ana Mariel/Desktop/CW MCU v10.4/MCU/ARM_GCC_Support/ewl/lib/armv6-m\libc.a(scanformat_.o)
 .debug_aranges
                0x00000130       0x88 C:/Users/Ana Mariel/Desktop/CW MCU v10.4/MCU/ARM_GCC_Support/ewl/lib/armv6-m\libc.a(ctype_aeabi.o)
 .debug_aranges
                0x000001b8       0x20 C:/Users/Ana Mariel/Desktop/CW MCU v10.4/MCU/ARM_GCC_Support/ewl/lib/armv6-m\libc.a(__strtoul.o)
 .debug_aranges
                0x000001d8       0x20 C:/Users/Ana Mariel/Desktop/CW MCU v10.4/MCU/ARM_GCC_Support/ewl/lib/armv6-m\libc.a(__filll_mem.o)
 .debug_aranges
                0x000001f8       0x20 C:/Users/Ana Mariel/Desktop/CW MCU v10.4/MCU/ARM_GCC_Support/ewl/lib/armv6-m\libc.a(memchr.o)
 .debug_aranges
                0x00000218       0x20 C:/Users/Ana Mariel/Desktop/CW MCU v10.4/MCU/ARM_GCC_Support/ewl/lib/armv6-m\libc.a(memcpy.o)
 .debug_aranges
                0x00000238       0x20 C:/Users/Ana Mariel/Desktop/CW MCU v10.4/MCU/ARM_GCC_Support/ewl/lib/armv6-m\libc.a(strchr.o)
 .debug_aranges
                0x00000258       0x20 C:/Users/Ana Mariel/Desktop/CW MCU v10.4/MCU/ARM_GCC_Support/ewl/lib/armv6-m\libc.a(strlen.o)
 .debug_aranges
                0x00000278       0x28 C:/Users/Ana Mariel/Desktop/CW MCU v10.4/MCU/ARM_GCC_Support/ewl/lib/armv6-m\librt.a(gcc_ctor_dtor.o)
 .debug_aranges
                0x000002a0       0x30 C:/Users/Ana Mariel/Desktop/CW MCU v10.4/MCU/ARM_GCC_Support/ewl/lib/armv6-m\librt.a(ROMCopy.o)
 .debug_aranges
                0x000002d0       0x58 C:/Users/Ana Mariel/Desktop/CW MCU v10.4/MCU/ARM_GCC_Support/ewl/lib/armv6-m\librt.a(__arm_eabi_init.o)

.debug_macinfo  0x00000000    0x53d45
 .debug_macinfo
                0x00000000    0x264b5 ./Project_Settings/Startup_Code/kinetis_sysinit.o
 .debug_macinfo
                0x000264b5     0x3e6d ./Project_Settings/Startup_Code/__arm_start.o
 .debug_macinfo
                0x0002a322     0x3456 ./Project_Settings/Startup_Code/__arm_end.o
 .debug_macinfo
                0x0002d778    0x265cd ./Sources/main.o

.debug_line     0x00000000     0x1894
 .debug_line    0x00000000      0x235 ./Project_Settings/Startup_Code/kinetis_sysinit.o
 .debug_line    0x00000235      0x2b8 ./Project_Settings/Startup_Code/__arm_start.o
 .debug_line    0x000004ed      0x2a2 ./Project_Settings/Startup_Code/__arm_end.o
 .debug_line    0x0000078f      0x229 ./Sources/main.o
 .debug_line    0x000009b8       0x8d C:/Users/Ana Mariel/Desktop/CW MCU v10.4/MCU/ARM_GCC_Support/ewl/lib/armv6-m\libc.a(exit.o)
 .debug_line    0x00000a45       0x90 C:/Users/Ana Mariel/Desktop/CW MCU v10.4/MCU/ARM_GCC_Support/ewl/lib/armv6-m\libc.a(memset.o)
 .debug_line    0x00000ad5      0x2c3 C:/Users/Ana Mariel/Desktop/CW MCU v10.4/MCU/ARM_GCC_Support/ewl/lib/armv6-m\libc.a(printformat_.o)
 .debug_line    0x00000d98      0x2be C:/Users/Ana Mariel/Desktop/CW MCU v10.4/MCU/ARM_GCC_Support/ewl/lib/armv6-m\libc.a(scanformat_.o)
 .debug_line    0x00001056      0x1be C:/Users/Ana Mariel/Desktop/CW MCU v10.4/MCU/ARM_GCC_Support/ewl/lib/armv6-m\libc.a(ctype_aeabi.o)
 .debug_line    0x00001214      0x11e C:/Users/Ana Mariel/Desktop/CW MCU v10.4/MCU/ARM_GCC_Support/ewl/lib/armv6-m\libc.a(__strtoul.o)
 .debug_line    0x00001332       0xf6 C:/Users/Ana Mariel/Desktop/CW MCU v10.4/MCU/ARM_GCC_Support/ewl/lib/armv6-m\libc.a(__filll_mem.o)
 .debug_line    0x00001428       0x9f C:/Users/Ana Mariel/Desktop/CW MCU v10.4/MCU/ARM_GCC_Support/ewl/lib/armv6-m\libc.a(memchr.o)
 .debug_line    0x000014c7       0x8b C:/Users/Ana Mariel/Desktop/CW MCU v10.4/MCU/ARM_GCC_Support/ewl/lib/armv6-m\libc.a(memcpy.o)
 .debug_line    0x00001552       0x7d C:/Users/Ana Mariel/Desktop/CW MCU v10.4/MCU/ARM_GCC_Support/ewl/lib/armv6-m\libc.a(strchr.o)
 .debug_line    0x000015cf       0x85 C:/Users/Ana Mariel/Desktop/CW MCU v10.4/MCU/ARM_GCC_Support/ewl/lib/armv6-m\libc.a(strlen.o)
 .debug_line    0x00001654       0x6c C:/Users/Ana Mariel/Desktop/CW MCU v10.4/MCU/ARM_GCC_Support/ewl/lib/armv6-m\librt.a(gcc_ctor_dtor.o)
 .debug_line    0x000016c0       0xbd C:/Users/Ana Mariel/Desktop/CW MCU v10.4/MCU/ARM_GCC_Support/ewl/lib/armv6-m\librt.a(ROMCopy.o)
 .debug_line    0x0000177d      0x117 C:/Users/Ana Mariel/Desktop/CW MCU v10.4/MCU/ARM_GCC_Support/ewl/lib/armv6-m\librt.a(__arm_eabi_init.o)

.debug_str      0x00000000      0xc9c
 .debug_str     0x00000000      0x298 ./Project_Settings/Startup_Code/kinetis_sysinit.o
                                0x2bf (size before relaxing)
 .debug_str     0x00000298       0x85 ./Project_Settings/Startup_Code/__arm_start.o
                                0x199 (size before relaxing)
 .debug_str     0x0000031d       0x5d ./Project_Settings/Startup_Code/__arm_end.o
                                 0xbc (size before relaxing)
 .debug_str     0x0000037a       0x8b ./Sources/main.o
                                0x284 (size before relaxing)
 .debug_str     0x00000405       0x5a C:/Users/Ana Mariel/Desktop/CW MCU v10.4/MCU/ARM_GCC_Support/ewl/lib/armv6-m\libc.a(exit.o)
                                0x157 (size before relaxing)
 .debug_str     0x0000045f       0x23 C:/Users/Ana Mariel/Desktop/CW MCU v10.4/MCU/ARM_GCC_Support/ewl/lib/armv6-m\libc.a(memset.o)
                                0x140 (size before relaxing)
 .debug_str     0x00000482      0x244 C:/Users/Ana Mariel/Desktop/CW MCU v10.4/MCU/ARM_GCC_Support/ewl/lib/armv6-m\libc.a(printformat_.o)
                                0x3b3 (size before relaxing)
 .debug_str     0x000006c6      0x184 C:/Users/Ana Mariel/Desktop/CW MCU v10.4/MCU/ARM_GCC_Support/ewl/lib/armv6-m\libc.a(scanformat_.o)
                                0x3f9 (size before relaxing)
 .debug_str     0x0000084a       0x9d C:/Users/Ana Mariel/Desktop/CW MCU v10.4/MCU/ARM_GCC_Support/ewl/lib/armv6-m\libc.a(ctype_aeabi.o)
                                0x1bc (size before relaxing)
 .debug_str     0x000008e7       0x61 C:/Users/Ana Mariel/Desktop/CW MCU v10.4/MCU/ARM_GCC_Support/ewl/lib/armv6-m\libc.a(__strtoul.o)
                                0x1fb (size before relaxing)
 .debug_str     0x00000948       0x25 C:/Users/Ana Mariel/Desktop/CW MCU v10.4/MCU/ARM_GCC_Support/ewl/lib/armv6-m\libc.a(__filll_mem.o)
                                0x152 (size before relaxing)
 .debug_str     0x0000096d       0x1c C:/Users/Ana Mariel/Desktop/CW MCU v10.4/MCU/ARM_GCC_Support/ewl/lib/armv6-m\libc.a(memchr.o)
                                0x148 (size before relaxing)
 .debug_str     0x00000989       0x1c C:/Users/Ana Mariel/Desktop/CW MCU v10.4/MCU/ARM_GCC_Support/ewl/lib/armv6-m\libc.a(memcpy.o)
                                0x138 (size before relaxing)
 .debug_str     0x000009a5       0x1c C:/Users/Ana Mariel/Desktop/CW MCU v10.4/MCU/ARM_GCC_Support/ewl/lib/armv6-m\libc.a(strchr.o)
                                0x137 (size before relaxing)
 .debug_str     0x000009c1       0x1c C:/Users/Ana Mariel/Desktop/CW MCU v10.4/MCU/ARM_GCC_Support/ewl/lib/armv6-m\libc.a(strlen.o)
                                0x140 (size before relaxing)
 .debug_str     0x000009dd      0x126 C:/Users/Ana Mariel/Desktop/CW MCU v10.4/MCU/ARM_GCC_Support/ewl/lib/armv6-m\librt.a(gcc_ctor_dtor.o)
                                0x181 (size before relaxing)
 .debug_str     0x00000b03       0xa1 C:/Users/Ana Mariel/Desktop/CW MCU v10.4/MCU/ARM_GCC_Support/ewl/lib/armv6-m\librt.a(ROMCopy.o)
                                0x13c (size before relaxing)
 .debug_str     0x00000ba4       0xf8 C:/Users/Ana Mariel/Desktop/CW MCU v10.4/MCU/ARM_GCC_Support/ewl/lib/armv6-m\librt.a(__arm_eabi_init.o)
                                0x1b5 (size before relaxing)

.comment        0x00000000       0x79
 .comment       0x00000000       0x79 ./Project_Settings/Startup_Code/kinetis_sysinit.o
                                 0x7a (size before relaxing)
 .comment       0x00000000       0x7a ./Project_Settings/Startup_Code/__arm_start.o
 .comment       0x00000000       0x7a ./Project_Settings/Startup_Code/__arm_end.o
 .comment       0x00000000       0x7a ./Sources/main.o
 .comment       0x00000000       0x7a C:/Users/Ana Mariel/Desktop/CW MCU v10.4/MCU/ARM_GCC_Support/ewl/lib/armv6-m\libc.a(exit.o)
 .comment       0x00000000       0x7a C:/Users/Ana Mariel/Desktop/CW MCU v10.4/MCU/ARM_GCC_Support/ewl/lib/armv6-m\libc.a(memset.o)
 .comment       0x00000000       0x7a C:/Users/Ana Mariel/Desktop/CW MCU v10.4/MCU/ARM_GCC_Support/ewl/lib/armv6-m\libc.a(printformat_.o)
 .comment       0x00000000       0x7a C:/Users/Ana Mariel/Desktop/CW MCU v10.4/MCU/ARM_GCC_Support/ewl/lib/armv6-m\libc.a(scanformat_.o)
 .comment       0x00000000       0x7a C:/Users/Ana Mariel/Desktop/CW MCU v10.4/MCU/ARM_GCC_Support/ewl/lib/armv6-m\libc.a(ctype_aeabi.o)
 .comment       0x00000000       0x7a C:/Users/Ana Mariel/Desktop/CW MCU v10.4/MCU/ARM_GCC_Support/ewl/lib/armv6-m\libc.a(__strtoul.o)
 .comment       0x00000000       0x7a C:/Users/Ana Mariel/Desktop/CW MCU v10.4/MCU/ARM_GCC_Support/ewl/lib/armv6-m\libc.a(__filll_mem.o)
 .comment       0x00000000       0x7a C:/Users/Ana Mariel/Desktop/CW MCU v10.4/MCU/ARM_GCC_Support/ewl/lib/armv6-m\libc.a(memchr.o)
 .comment       0x00000000       0x7a C:/Users/Ana Mariel/Desktop/CW MCU v10.4/MCU/ARM_GCC_Support/ewl/lib/armv6-m\libc.a(memcpy.o)
 .comment       0x00000000       0x7a C:/Users/Ana Mariel/Desktop/CW MCU v10.4/MCU/ARM_GCC_Support/ewl/lib/armv6-m\libc.a(strchr.o)
 .comment       0x00000000       0x7a C:/Users/Ana Mariel/Desktop/CW MCU v10.4/MCU/ARM_GCC_Support/ewl/lib/armv6-m\libc.a(strlen.o)
 .comment       0x00000000       0x7a C:/Users/Ana Mariel/Desktop/CW MCU v10.4/MCU/ARM_GCC_Support/ewl/lib/armv6-m\librt.a(gcc_ctor_dtor.o)
 .comment       0x00000000       0x7a C:/Users/Ana Mariel/Desktop/CW MCU v10.4/MCU/ARM_GCC_Support/ewl/lib/armv6-m\librt.a(ROMCopy.o)
 .comment       0x00000000       0x7a C:/Users/Ana Mariel/Desktop/CW MCU v10.4/MCU/ARM_GCC_Support/ewl/lib/armv6-m\librt.a(__arm_eabi_init.o)

.debug_frame    0x00000000      0x5cc
 .debug_frame   0x00000000       0x48 ./Project_Settings/Startup_Code/kinetis_sysinit.o
 .debug_frame   0x00000048       0x4c ./Project_Settings/Startup_Code/__arm_start.o
 .debug_frame   0x00000094       0x30 ./Project_Settings/Startup_Code/__arm_end.o
 .debug_frame   0x000000c4       0x68 ./Sources/main.o
 .debug_frame   0x0000012c       0x2c C:/Users/Ana Mariel/Desktop/CW MCU v10.4/MCU/ARM_GCC_Support/ewl/lib/armv6-m\libc.a(exit.o)
 .debug_frame   0x00000158       0x28 C:/Users/Ana Mariel/Desktop/CW MCU v10.4/MCU/ARM_GCC_Support/ewl/lib/armv6-m\libc.a(memset.o)
 .debug_frame   0x00000180       0x54 C:/Users/Ana Mariel/Desktop/CW MCU v10.4/MCU/ARM_GCC_Support/ewl/lib/armv6-m\libc.a(printformat_.o)
 .debug_frame   0x000001d4       0x34 C:/Users/Ana Mariel/Desktop/CW MCU v10.4/MCU/ARM_GCC_Support/ewl/lib/armv6-m\libc.a(scanformat_.o)
 .debug_frame   0x00000208      0x158 C:/Users/Ana Mariel/Desktop/CW MCU v10.4/MCU/ARM_GCC_Support/ewl/lib/armv6-m\libc.a(ctype_aeabi.o)
 .debug_frame   0x00000360       0x30 C:/Users/Ana Mariel/Desktop/CW MCU v10.4/MCU/ARM_GCC_Support/ewl/lib/armv6-m\libc.a(__strtoul.o)
 .debug_frame   0x00000390       0x2c C:/Users/Ana Mariel/Desktop/CW MCU v10.4/MCU/ARM_GCC_Support/ewl/lib/armv6-m\libc.a(__filll_mem.o)
 .debug_frame   0x000003bc       0x28 C:/Users/Ana Mariel/Desktop/CW MCU v10.4/MCU/ARM_GCC_Support/ewl/lib/armv6-m\libc.a(memchr.o)
 .debug_frame   0x000003e4       0x28 C:/Users/Ana Mariel/Desktop/CW MCU v10.4/MCU/ARM_GCC_Support/ewl/lib/armv6-m\libc.a(memcpy.o)
 .debug_frame   0x0000040c       0x28 C:/Users/Ana Mariel/Desktop/CW MCU v10.4/MCU/ARM_GCC_Support/ewl/lib/armv6-m\libc.a(strchr.o)
 .debug_frame   0x00000434       0x28 C:/Users/Ana Mariel/Desktop/CW MCU v10.4/MCU/ARM_GCC_Support/ewl/lib/armv6-m\libc.a(strlen.o)
 .debug_frame   0x0000045c       0x20 c:/users/ana mariel/desktop/cw mcu v10.4/cross_tools/arm-none-eabi-gcc-4_7_3/bin/../lib/gcc/arm-none-eabi/4.7.3/armv6-m\libgcc.a(_udivsi3.o)
 .debug_frame   0x0000047c       0x40 C:/Users/Ana Mariel/Desktop/CW MCU v10.4/MCU/ARM_GCC_Support/ewl/lib/armv6-m\librt.a(gcc_ctor_dtor.o)
 .debug_frame   0x000004bc       0x54 C:/Users/Ana Mariel/Desktop/CW MCU v10.4/MCU/ARM_GCC_Support/ewl/lib/armv6-m\librt.a(ROMCopy.o)
 .debug_frame   0x00000510       0xbc C:/Users/Ana Mariel/Desktop/CW MCU v10.4/MCU/ARM_GCC_Support/ewl/lib/armv6-m\librt.a(__arm_eabi_init.o)
